Test 1: No Auth Header: FAILED - Status: 401, Data: {"timestamp":1783341858054,"status":401,"error":"Unauthorized","path":"/api/v1/users/"}
Test 2: Bearer Scheme: FAILED - Status: 401, Data: {"timestamp":1783341858187,"status":401,"error":"Unauthorized","path":"/api/v1/users/"}
Test 3: Sandip Scheme: FAILED - Status: 401, Data: {"timestamp":1783341858309,"status":401,"error":"Unauthorized","path":"/api/v1/users/"}
